Flow report for MIC1
Wed Nov 06 15:58:25 2024
Quartus II 64-Bit Version 13.1.0 Build 162 10/23/2013 SJ Web Edition


---------------------
; Table of Contents ;
---------------------
  1. Legal Notice
  2. Flow Summary
  3. Flow Settings
  4. Flow Non-Default Global Settings
  5. Flow Elapsed Time
  6. Flow OS Summary
  7. Flow Log
  8. Flow Messages
  9. Flow Suppressed Messages



----------------
; Legal Notice ;
----------------
Copyright (C) 1991-2013 Altera Corporation
Your use of Altera Corporation's design tools, logic functions 
and other software and tools, and its AMPP partner logic 
functions, and any output files from any of the foregoing 
(including device programming or simulation files), and any 
associated documentation or information are expressly subject 
to the terms and conditions of the Altera Program License 
Subscription Agreement, Altera MegaCore Function License 
Agreement, or other applicable license agreement, including, 
without limitation, that your use is for the sole purpose of 
programming logic devices manufactured by Altera and sold by 
Altera or its authorized distributors.  Please refer to the 
applicable agreement for further details.



+---------------------------------------------------------------------------------+
; Flow Summary                                                                    ;
+------------------------------------+--------------------------------------------+
; Flow Status                        ; Successful - Wed Nov 06 15:58:25 2024      ;
; Quartus II 64-Bit Version          ; 13.1.0 Build 162 10/23/2013 SJ Web Edition ;
; Revision Name                      ; MIC1                                       ;
; Top-level Entity Name              ; DATAPATH                                   ;
; Family                             ; Cyclone III                                ;
; Total logic elements               ; 624 / 15,408 ( 4 % )                       ;
;     Total combinational functions  ; 510 / 15,408 ( 3 % )                       ;
;     Dedicated logic registers      ; 330 / 15,408 ( 2 % )                       ;
; Total registers                    ; 330                                        ;
; Total pins                         ; 280 / 347 ( 81 % )                         ;
; Total virtual pins                 ; 0                                          ;
; Total memory bits                  ; 0 / 516,096 ( 0 % )                        ;
; Embedded Multiplier 9-bit elements ; 0 / 112 ( 0 % )                            ;
; Total PLLs                         ; 0 / 4 ( 0 % )                              ;
; Device                             ; EP3C16F484C6                               ;
; Timing Models                      ; Final                                      ;
+------------------------------------+--------------------------------------------+


+-----------------------------------------+
; Flow Settings                           ;
+-------------------+---------------------+
; Option            ; Setting             ;
+-------------------+---------------------+
; Start date & time ; 11/06/2024 15:52:51 ;
; Main task         ; Compilation         ;
; Revision Name     ; MIC1                ;
+-------------------+---------------------+


+----------------------------------------------------------------------------------------------------------------------------------------------------------------+
; Flow Non-Default Global Settings                                                                                                                               ;
+-------------------------------------+---------------------------------------------------------------------------+---------------+-------------+----------------+
; Assignment Name                     ; Value                                                                     ; Default Value ; Entity Name ; Section Id     ;
+-------------------------------------+---------------------------------------------------------------------------+---------------+-------------+----------------+
; COMPILER_SIGNATURE_ID               ; 925258687203.173091917115496                                              ; --            ; --          ; --             ;
; EDA_NETLIST_WRITER_OUTPUT_DIR       ; C:/Users/Heitor Costa/OneDrive/Documentos/MIC1_CEZAR/MIC-1-main/simulation/qsim/ ; --            ; --          ; eda_simulation ;
; EDA_OUTPUT_DATA_FORMAT              ; Verilog Hdl                                                               ; --            ; --          ; eda_simulation ;
; EDA_SIMULATION_TOOL                 ; ModelSim-Altera (Verilog)                                                 ; <None>        ; --          ; --             ;
; EDA_TIME_SCALE                      ; 1 ps                                                                      ; --            ; --          ; eda_simulation ;
; PARTITION_COLOR                     ; 16764057                                                                  ; --            ; DATAPATH    ; Top            ;
; PARTITION_FITTER_PRESERVATION_LEVEL ; PLACEMENT_AND_ROUTING                                                     ; --            ; DATAPATH    ; Top            ;
; PARTITION_NETLIST_TYPE              ; SOURCE                                                                    ; --            ; DATAPATH    ; Top            ;
; PROJECT_OUTPUT_DIRECTORY            ; output_files                                                              ; --            ; --          ; --             ;
; TOP_LEVEL_ENTITY                    ; DATAPATH                                                                  ; MIC1          ; --          ; --             ;
+-------------------------------------+---------------------------------------------------------------------------+---------------+-------------+----------------+


+-------------------------------------------------------------------------------------------------------------------------------+
; Flow Elapsed Time                                                                                                             ;
+---------------------------+--------------+-------------------------+---------------------+------------------------------------+
; Module Name               ; Elapsed Time ; Average Processors Used ; Peak Virtual Memory ; Total CPU Time (on all processors) ;
+---------------------------+--------------+-------------------------+---------------------+------------------------------------+
; Analysis & Synthesis      ; 00:00:02     ; 1.0                     ; 4660 MB             ; 00:00:01                           ;
; Fitter                    ; 00:00:10     ; 2.0                     ; 5361 MB             ; 00:00:06                           ;
; Assembler                 ; 00:00:01     ; 1.0                     ; 4601 MB             ; 00:00:01                           ;
; TimeQuest Timing Analyzer ; 00:00:03     ; 1.0                     ; 4701 MB             ; 00:00:01                           ;
; EDA Netlist Writer        ; 00:00:01     ; 1.0                     ; 4574 MB             ; 00:00:01                           ;
; EDA Netlist Writer        ; 00:00:01     ; 1.0                     ; 4563 MB             ; 00:00:00                           ;
; EDA Netlist Writer        ; 00:00:01     ; 1.0                     ; 4579 MB             ; 00:00:01                           ;
; EDA Netlist Writer        ; 00:00:01     ; 1.0                     ; 4563 MB             ; 00:00:00                           ;
; EDA Netlist Writer        ; 00:00:02     ; 1.0                     ; 4579 MB             ; 00:00:01                           ;
; EDA Netlist Writer        ; 00:00:00     ; 1.0                     ; 4562 MB             ; 00:00:00                           ;
; EDA Netlist Writer        ; 00:00:01     ; 1.0                     ; 4579 MB             ; 00:00:01                           ;
; Total                     ; 00:00:23     ; --                      ; --                  ; 00:00:13                           ;
+---------------------------+--------------+-------------------------+---------------------+------------------------------------+


+----------------------------------------------------------------------------------------+
; Flow OS Summary                                                                        ;
+---------------------------+------------------+-----------+------------+----------------+
; Module Name               ; Machine Hostname ; OS Name   ; OS Version ; Processor type ;
+---------------------------+------------------+-----------+------------+----------------+
; Analysis & Synthesis      ; Heitor           ; Windows 7 ; 6.2        ; x86_64         ;
; Fitter                    ; Heitor           ; Windows 7 ; 6.2        ; x86_64         ;
; Assembler                 ; Heitor           ; Windows 7 ; 6.2        ; x86_64         ;
; TimeQuest Timing Analyzer ; Heitor           ; Windows 7 ; 6.2        ; x86_64         ;
; EDA Netlist Writer        ; Heitor           ; Windows 7 ; 6.2        ; x86_64         ;
; EDA Netlist Writer        ; Heitor           ; Windows 7 ; 6.2        ; x86_64         ;
; EDA Netlist Writer        ; Heitor           ; Windows 7 ; 6.2        ; x86_64         ;
; EDA Netlist Writer        ; Heitor           ; Windows 7 ; 6.2        ; x86_64         ;
; EDA Netlist Writer        ; Heitor           ; Windows 7 ; 6.2        ; x86_64         ;
; EDA Netlist Writer        ; Heitor           ; Windows 7 ; 6.2        ; x86_64         ;
; EDA Netlist Writer        ; Heitor           ; Windows 7 ; 6.2        ; x86_64         ;
+---------------------------+------------------+-----------+------------+----------------+


------------
; Flow Log ;
------------
quartus_map --read_settings_files=on --write_settings_files=off MIC1 -c MIC1
quartus_fit --read_settings_files=off --write_settings_files=off MIC1 -c MIC1
quartus_asm --read_settings_files=off --write_settings_files=off MIC1 -c MIC1
quartus_sta MIC1 -c MIC1
quartus_eda --read_settings_files=off --write_settings_files=off MIC1 -c MIC1
quartus_eda --gen_testbench --check_outputs=on --tool=modelsim_oem --format=verilog MIC1 -c MIC1 --vector_source=C:/Users/Heitor Costa/Documents/MIC-1/DATAHPATHPORTAS.vwf --testbench_file=C:/Users/Heitor Costa/Documents/MIC-1/simulation/qsim/DATAHPATHPORTAS.vwf.vt
quartus_eda --functional=off --flatten_buses=off --timescale=1ps --simulation=on --tool=modelsim_oem --format=verilog --output_directory=C:/Users/Heitor Costa/Documents/MIC-1/simulation/qsim/ MIC1 -c MIC1
quartus_eda --gen_testbench --check_outputs=on --tool=modelsim_oem --format=verilog MIC1 -c MIC1 --vector_source=C:/Users/Heitor Costa/Documents/MIC-1/DATAPATH.vwf --testbench_file=C:/Users/Heitor Costa/Documents/MIC-1/simulation/qsim/DATAPATH.vwf.vt
quartus_eda --functional=off --flatten_buses=off --timescale=1ps --simulation=on --tool=modelsim_oem --format=verilog --output_directory=C:/Users/Heitor Costa/Documents/MIC-1/simulation/qsim/ MIC1 -c MIC1
quartus_eda --gen_testbench --check_outputs=on --tool=modelsim_oem --format=verilog MIC1 -c MIC1 --vector_source=C:/Users/Heitor Costa/Documents/MIC-1/DATAPATH3.vwf --testbench_file=C:/Users/Heitor Costa/Documents/MIC-1/simulation/qsim/DATAPATH3.vwf.vt
quartus_eda --functional=off --flatten_buses=off --timescale=1ps --simulation=on --tool=modelsim_oem --format=verilog --output_directory=C:/Users/Heitor Costa/Documents/MIC-1/simulation/qsim/ MIC1 -c MIC1
```